// Jest Snapshot v1, https://goo.gl/fbAQLP

exports[`<Card /> like option renders components 1`] = `[Function]`;
